[new.novardis.com/en/index.html]
[new.novardis.com/banner.png]
[backblue.gif]
[fade.gif]
[index.html]
[new.novardis.com/wp-includes/css/dist/block-library/style.minf049.css]
[new.novardis.com/wp-content/plugins/contact-form-7/includes/css/styles5406.css]
[new.novardis.com/wp-content/plugins/sitepress-multilingual-cms/templates/language-switchers/legacy-list-horizontal/style.min68b3.css]
[new.novardis.com/wp-content/themes/novardis/style5152.css]
[cdnjs.cloudflare.com/ajax/libs/fancybox/3.5.7/jquery.fancybox.min5152.css]
[cdnjs.cloudflare.com/ajax/libs/jquery-modal/0.9.1/jquery.modal.min5152.css]
[cdnjs.cloudflare.com/ajax/libs/AlertifyJS/1.13.1/css/alertify.min5152.css]
[cdnjs.cloudflare.com/ajax/libs/slick-carousel/1.8.1/slick.min5152.css]
[mc.yandex.ru/metrika/tag.js]
[new.novardis.com/wp-includes/js/jquery/jquery.minaf6c.js]
[new.novardis.com/wp-content/themes/novardis/assets/css/main5152.css]
[new.novardis.com/wp-includes/js/jquery/jquery-migrate.mind617.js]
[new.novardis.com/wp-content/plugins/sitepress-multilingual-cms/res/js/cookies/language-cookie2cb6.js]
[new.novardis.com/loadmoref049.js]
[new.novardis.com/wp-content/uploads/2022/04/Main_Serv.png]
[new.novardis.com/en/services/index.html]
[new.novardis.com/en/solutions/index.html]
[new.novardis.com/en/projects/index.html]
[new.novardis.com/wp-content/plugins/sitepress-multilingual-cms/res/flags/en.png]
[new.novardis.com/en/company/index.html]
[new.novardis.com/en/careers/index.html]
[new.novardis.com/wp-content/plugins/sitepress-multilingual-cms/res/flags/ru.png]
[new.novardis.com/en/contacts/index.html]
[new.novardis.com/wp-includes/js/dist/vendor/regenerator-runtime.min3937.js]
[new.novardis.com/en/industries/index.html]
[new.novardis.com/en/projects/index3fd8.html]
[new.novardis.com/wp-includes/js/dist/vendor/wp-polyfill.min2c7c.js]
[new.novardis.com/en/projects/index2cd2.html]
[new.novardis.com/en/projects/indexf12c.html]
[new.novardis.com/wp-content/plugins/contact-form-7/includes/js/index5406.js]
[new.novardis.com/en/projects/index4157.html]
[cdnjs.cloudflare.com/ajax/libs/fancybox/3.5.7/jquery.fancybox.min5152.js]
[new.novardis.com/en/projects/indexc1a8.html]
[new.novardis.com/en/projects/index4334.html]
[new.novardis.com/en/projects/index5d04.html]
[new.novardis.com/en/service/development-of-solutions-for-the-clients-tasks/index.html]
[new.novardis.com/en/service/sap-solutions-implementation/index.html]
[cdnjs.cloudflare.com/ajax/libs/jquery-modal/0.9.1/jquery.modal.min5152.js]
[new.novardis.com/en/service/replication-of-sap-solutions/index.html]
[new.novardis.com/en/service/digital-transformation/index.html]
[new.novardis.com/en/service/support-maintenance-of-systems/index.html]
[ajax.aspnetcdn.com/ajax/jquery.validate/1.11.1/jquery.validate.min5152.js]
[cdnjs.cloudflare.com/ajax/libs/AlertifyJS/1.13.1/alertify.min5152.js]
[new.novardis.com/en/solution/custom-development/index.html]
[new.novardis.com/en/solution/warehouse-management-sap-ewm/index.html]
[new.novardis.com/en/solution/analytical-reporting-sap-bw/index.html]
[cdnjs.cloudflare.com/ajax/libs/jquery.inputmask/3.3.4/jquery.inputmask.bundle.min5152.js]
[cdnjs.cloudflare.com/ajax/libs/slick-carousel/1.8.1/slick.min5152.js]
[new.novardis.com/en/solution/analysis-of-business-process-mining/index.html]
[new.novardis.com/en/project/biocad/index.html]
[new.novardis.com/wp-content/themes/novardis/assets/js/main5152.js]
[new.novardis.com/en/project/mvideo/index.html]
[new.novardis.com/en/project/lenta-2-2/index.html]
[www.google.com/recaptcha/apifd1c.js]
[new.novardis.com/en/project/faberlic/index.html]
[new.novardis.com/en/project/severstal/index.html]
[new.novardis.com/en/project/heineken/index.html]
[new.novardis.com/wp-content/plugins/contact-form-7/modules/recaptcha/index5406.js]
[new.novardis.com/en/feedback/index.html]
[new.novardis.com/en/company/team/index.html]
[new.novardis.com/en/index.html]
[new.novardis.com/en/solution/transportation-management-sap-tm/index.html]
[new.novardis.com/en/internship/index.html]
[new.novardis.com/en/map/index.html]
[new.novardis.com/wp-includes/css/dist/block-library/style.minf049.css]
[new.novardis.com/en/vacancy/index.html]
[new.novardis.com/wp-content/plugins/contact-form-7/includes/css/styles5406.css]
[new.novardis.com/en/terms-of-use/index.html]
[new.novardis.com/en/cookie/index.html]
[new.novardis.com/en/privacy/index.html]
[new.novardis.com/wp-content/plugins/sitepress-multilingual-cms/templates/language-switchers/legacy-list-horizontal/style.min68b3.css]
[new.novardis.com/en/search/index.html]
[new.novardis.com/en/solution/ecom-sap-commerce-cloud/index.html]
[new.novardis.com/en/solution/ecom-sap-marketing-cloud/index.html]
[new.novardis.com/wp-content/themes/novardis/style5152.css]
[new.novardis.com/en/solution/ecom-marketplaces/index.html]
[new.novardis.com/en/solution/ecom-sap-customer-data-cloud/index.html]
[cdnjs.cloudflare.com/ajax/libs/fancybox/3.5.7/jquery.fancybox.min5152.css]
[new.novardis.com/en/solution/ecom-service-maintenance-sap-service-cloud/index.html]
[new.novardis.com/en/solution/enterprise-management-sap-erp/index.html]
[cdnjs.cloudflare.com/ajax/libs/jquery-modal/0.9.1/jquery.modal.min5152.css]
[new.novardis.com/en/solution/enterprise-management-sap-finance-controlling/index.html]
[new.novardis.com/en/solution/enterprise-management-sap-plant-maintenance/index.html]
[cdnjs.cloudflare.com/ajax/libs/AlertifyJS/1.13.1/css/alertify.min5152.css]
[new.novardis.com/en/solution/retail-process-management-sap-for-retail/index.html]
[new.novardis.com/en/solution/retail-process-management-sap-udf-fr/index.html]
[cdnjs.cloudflare.com/ajax/libs/slick-carousel/1.8.1/slick.min5152.css]
[new.novardis.com/en/solution/retail-process-management-sap-car/index.html]
[new.novardis.com/en/solution/retail-process-management-sap-attp/index.html]
[new.novardis.com/en/solution/retail-process-management-sap-arp/index.html]
[new.novardis.com/wp-content/themes/novardis/assets/css/owl.video.play.png]
[new.novardis.com/wp-content/themes/novardis/assets/css/main5152.css]
[new.novardis.com/en/solutions/index.html]
[new.novardis.com/en/services/index.html]
[new.novardis.com/en/projects/index.html]
[new.novardis.com/en/projects/indexdbf4.html]
[new.novardis.com/en/projects/index9829.html]
[new.novardis.com/en/projects/index23f1.html]
[new.novardis.com/en/projects/index582b.html]
[new.novardis.com/en/projects/index396f.html]
[new.novardis.com/en/company/index.html]
[new.novardis.com/en/projects/indexe254.html]
[new.novardis.com/en/project/svyaznoy/index.html]
[new.novardis.com/en/projects/index1009.html]
[new.novardis.com/en/projects/index9859.html]
[new.novardis.com/en/project/366/index.html]
[new.novardis.com/en/project/globus/index.html]
[new.novardis.com/en/project/komus/index.html]
[new.novardis.com/en/careers/index.html]
[new.novardis.com/en/projects/indexf05b.html]
[new.novardis.com/en/contacts/index.html]
[new.novardis.com/en/projects/index84aa.html]
[new.novardis.com/en/feedback/indexae8a.html]
[new.novardis.com/wp-content/uploads/2022/04/Отрасли_моб.png]
[new.novardis.com/wp-content/uploads/2022/04/Отрасли_бан.png]
[new.novardis.com/en/industries/index.html]
[new.novardis.com/en/project/lenta-3/index.html]
[new.novardis.com/en/project/mvideo-eldorado-group/index.html]
[new.novardis.com/en/projects/indexf12c.html]
[new.novardis.com/en/project/megafon/index.html]
[new.novardis.com/en/project/posuda-center/index.html]
[new.novardis.com/en/project/prisma/index.html]
[new.novardis.com/en/project/okhapka/index.html]
[new.novardis.com/en/project/spar-ural/index.html]
[new.novardis.com/en/projects/index3fd8.html]
[new.novardis.com/en/project/utkonos/index.html]
[new.novardis.com/en/project/talosto/index.html]
[new.novardis.com/en/projects/index2cd2.html]
[new.novardis.com/en/project/megapolis/index.html]
[new.novardis.com/en/project/vostok-zapad/index.html]
[new.novardis.com/en/projects/index4157.html]
[new.novardis.com/en/projects/indexc1a8.html]
[new.novardis.com/en/projects/index4334.html]
[new.novardis.com/en/project/pulkovo/index.html]
[new.novardis.com/en/projects/index5d04.html]
[new.novardis.com/en/project/damate/index.html]
[new.novardis.com/wp-content/uploads/2022/04/TUIgroup-1.png]
[new.novardis.com/wp-content/uploads/2022/02/logo-2.png]
[new.novardis.com/wp-content/uploads/2022/04/M-1-1.png]
[new.novardis.com/wp-content/uploads/2022/04/Group-25413-1.png]
[new.novardis.com/wp-includes/js/comment-reply.minf049.js]
[new.novardis.com/en/service/development-of-solutions-for-the-clients-tasks/index.html]
[new.novardis.com/wp-content/uploads/2022/04/image-51.png]
[new.novardis.com/en/service/digital-transformation/index.html]
[new.novardis.com/wp-content/uploads/2022/04/image-50.png]
[new.novardis.com/wp-content/uploads/2022/04/DAMATE-1-2.png]
[new.novardis.com/wp-content/uploads/2022/02/logo-3.png]
[new.novardis.com/wp-content/uploads/2022/04/G-Drive_LOGO-1.png]
[new.novardis.com/wp-content/uploads/2022/04/detsky-mir-2.png]
[new.novardis.com/wp-content/uploads/2022/04/svaznoy-1-1.png]
[new.novardis.com/wp-content/uploads/2022/04/rivegauche-1-1.png]
[new.novardis.com/wp-content/uploads/2022/04/eldorado-1.png]
[new.novardis.com/wp-content/uploads/2022/04/Лого.png]
[new.novardis.com/wp-content/uploads/2022/04/Group-25414-1.png]
[new.novardis.com/wp-content/uploads/2022/04/SEVERSTAL2-1-1.png]
[new.novardis.com/wp-content/uploads/2022/04/komus-1-1.png]
[new.novardis.com/en/service/sap-solutions-implementation/index.html]
[new.novardis.com/wp-content/uploads/2022/04/image-52.png]
[new.novardis.com/wp-content/uploads/2022/04/image-49.png]
[new.novardis.com/wp-content/uploads/2022/04/Group-25411-1.png]
[new.novardis.com/wp-content/uploads/2022/04/Group-25412-1.png]
[new.novardis.com/wp-content/uploads/2022/04/5a1ac841f65d84088faf136e-1-1.png]
[new.novardis.com/en/service/replication-of-sap-solutions/index.html]
[new.novardis.com/wp-content/uploads/2022/04/Group-2.png]
[new.novardis.com/wp-content/uploads/2022/04/hYNDAI-1-1.png]
[new.novardis.com/wp-content/uploads/2022/04/avgust-1-1.png]
[new.novardis.com/en/service/support-maintenance-of-systems/index.html]
[new.novardis.com/wp-content/uploads/2022/04/Скорость-№1-1.png]
[new.novardis.com/wp-content/uploads/2022/04/Скорость-№2.png]
[new.novardis.com/wp-content/uploads/2022/04/Улучшение-показателей.png]
[new.novardis.com/wp-content/uploads/2022/04/Гибкость.png]
[new.novardis.com/wp-content/uploads/2022/04/Интеграция.png]
[new.novardis.com/wp-content/uploads/2022/04/Сокращение-затрат-и-снижение-издержек-№1.png]
[new.novardis.com/wp-content/uploads/2022/04/Трудовые-ресурсы.png]
[new.novardis.com/en/solution/custom-development/index.html]
[new.novardis.com/en/solution/transport-logistics-sap-tm/index.html]
[new.novardis.com/wp-content/uploads/2022/04/Оптимизация-и-автоматизация.png]
[new.novardis.com/wp-content/uploads/2022/04/Сокращение-затрат-и-снижение-издержек-№2.png]
[new.novardis.com/en/solution/warehouse-management-sap-ewm/index.html]
[new.novardis.com/wp-content/uploads/2022/04/Единая-система.png]
[new.novardis.com/wp-content/uploads/2022/04/Визуализация.png]
[new.novardis.com/wp-content/uploads/2022/04/Масштабируемость.png]
[new.novardis.com/en/solution/analytical-reporting-sap-bw/index.html]
[new.novardis.com/wp-content/uploads/2022/04/Выявление-ошибок.png]
[new.novardis.com/wp-content/uploads/2022/04/Анализ.png]
[new.novardis.com/wp-content/uploads/2022/04/Цифровой-двойник.png]
[new.novardis.com/wp-content/uploads/2022/04/Улучшение-фин.-показателей-№1.png]
[new.novardis.com/wp-content/uploads/2022/04/Контроль-№1.png]
[new.novardis.com/wp-content/uploads/2022/04/Данные.png]
[new.novardis.com/wp-content/uploads/2022/04/fin.png]
[new.novardis.com/wp-content/uploads/2022/04/Товары.png]
[new.novardis.com/wp-content/uploads/2022/04/logist.png]
[new.novardis.com/wp-content/uploads/2022/04/Сегментация-клиентов.png]
[new.novardis.com/en/solution/analysis-of-business-process-mining/index.html]
[new.novardis.com/en/solution/index.html]
[new.novardis.com/wp-content/uploads/2022/04/Biocad_gal_1.png]
[new.novardis.com/wp-content/uploads/2022/04/Biocad_gal_2.png]
[new.novardis.com/wp-content/uploads/2022/04/Biocad_gal_3.png]
[new.novardis.com/wp-content/uploads/2022/04/Biocad_gal_4.png]
[new.novardis.com/wp-content/uploads/2022/04/Biocad_gal_5.png]
[new.novardis.com/en/project/biocad/index.html]
[new.novardis.com/wp-content/uploads/2022/04/Mvideo_gal_1.png]
[new.novardis.com/wp-content/uploads/2022/05/Mvideo_gal_2.png]
[new.novardis.com/wp-content/uploads/2022/05/Mvideo_gal_3.png]
[new.novardis.com/wp-content/uploads/2022/05/Mvideo_gal_4.png]
[new.novardis.com/wp-content/uploads/2022/05/Mvideo_gal_5.png]
[new.novardis.com/en/project/mvideo/index.html]
[new.novardis.com/wp-content/uploads/2022/04/Lenta_gal_1.png]
[new.novardis.com/wp-content/uploads/2022/04/Lenta_gal_2.png]
[new.novardis.com/wp-content/uploads/2022/04/Lenta_gal_3.png]
[new.novardis.com/wp-content/uploads/2022/04/Lenta_gal_4.png]
[new.novardis.com/wp-content/uploads/2022/04/Lenta_gal_5.png]
[new.novardis.com/en/project/lenta-2-2/index.html]
[new.novardis.com/wp-content/uploads/2022/04/Heineken_gal_1.png]
[new.novardis.com/wp-content/uploads/2022/04/Heineken_gal_2.png]
[new.novardis.com/wp-content/uploads/2022/04/Heineken_gal_3.png]
[new.novardis.com/wp-content/uploads/2022/04/Heineken_gal_4.png]
[new.novardis.com/wp-content/uploads/2022/04/Heineken_gal_5.png]
[new.novardis.com/en/project/heineken/index.html]
[new.novardis.com/wp-content/uploads/2022/04/Fabelic_gal_1.png]
[new.novardis.com/wp-content/uploads/2022/04/Fabelic_gal_2.png]
[new.novardis.com/wp-content/uploads/2022/04/Fabelic_gal_3.png]
[new.novardis.com/wp-content/uploads/2022/04/Fabelic_gal_4.png]
[new.novardis.com/wp-content/uploads/2022/04/Fabelic_gal_5.png]
[new.novardis.com/en/project/faberlic/index.html]
[new.novardis.com/wp-content/uploads/2022/04/Severstal_gal_1-1.png]
[new.novardis.com/wp-content/uploads/2022/04/Severstal_gal_2-1.png]
[new.novardis.com/wp-content/uploads/2022/04/Severstal_gal_3-1.png]
[new.novardis.com/wp-content/uploads/2022/04/Severstal_gal_4-1.png]
[new.novardis.com/wp-content/uploads/2022/04/Severstal_gal_5-1.png]
[new.novardis.com/en/project/severstal/index.html]
[new.novardis.com/wp-content/uploads/2022/04/Бан_комманда.png]
[new.novardis.com/wp-content/themes/novardis/assets/images/png/top1.png]
[new.novardis.com/wp-content/themes/novardis/assets/images/png/top2.png]
[new.novardis.com/wp-content/uploads/2022/04/1_Igor.M.png]
[new.novardis.com/wp-content/uploads/2022/04/2_Alex_K.png]
[new.novardis.com/wp-content/uploads/2022/04/4_PavSol.png]
[new.novardis.com/wp-content/uploads/2022/04/3_AndG.png]
[new.novardis.com/wp-content/uploads/2022/04/5_KK.png]
[new.novardis.com/wp-content/themes/novardis/assets/images/png/team_widget.png]
[new.novardis.com/wp-content/uploads/2022/04/Main-PRJ-mob.png]
[new.novardis.com/en/company/team/index.html]
[new.novardis.com/en/feedback/index.html]
[new.novardis.com/wp-content/uploads/2022/04/Контроль-№2.png]
[new.novardis.com/wp-content/uploads/2022/04/Кружок-4.png]
[new.novardis.com/en/solution/transportation-management-sap-tm/index.html]
[new.novardis.com/en/vacancy/index.html]
[new.novardis.com/wp-content/themes/novardis/assets/images/png/stazh_bg.png]
[new.novardis.com/en/internship/index.html]
[new.novardis.com/en/map/index.html]
[new.novardis.com/en/privacy/index.html]
[new.novardis.com/en/terms-of-use/index.html]
[new.novardis.com/en/cookie/index.html]
[new.novardis.com/browser5152.js]
[new.novardis.com/en/search/index.html]
[new.novardis.com/wp-content/uploads/2022/04/Скорость-№1.png]
[new.novardis.com/wp-content/uploads/2022/04/Отраслевая-специфика.png]
[new.novardis.com/wp-content/uploads/2022/04/Best-practices.png]
[new.novardis.com/en/solution/ecom-sap-commerce-cloud/index.html]
[new.novardis.com/wp-content/uploads/2022/04/Система.png]
[new.novardis.com/wp-content/uploads/2022/04/Улучшение-фин.-показателей-№2.png]
[new.novardis.com/en/solution/ecom-sap-marketing-cloud/index.html]
[new.novardis.com/wp-content/uploads/2022/05/Управлять-клиентскими-данными.png]
[new.novardis.com/wp-content/uploads/2022/04/Стандартизация-соблюдение-правил.png]
[new.novardis.com/en/solution/ecom-sap-customer-data-cloud/index.html]
[new.novardis.com/wp-content/uploads/2022/04/Партнерство.png]
[new.novardis.com/en/solution/ecom-marketplaces/index.html]
[new.novardis.com/en/solution/ecom-service-maintenance-sap-service-cloud/index.html]
[new.novardis.com/en/solution/enterprise-management-sap-erp/index.html]
[new.novardis.com/wp-content/uploads/2022/04/Документы.png]
[new.novardis.com/en/solution/enterprise-management-sap-finance-controlling/index.html]
[new.novardis.com/wp-content/uploads/2022/05/Оптимизация-процессов.png]
[new.novardis.com/wp-content/uploads/2022/05/Получение-доступа-к-истории.png]
[new.novardis.com/wp-content/uploads/2022/05/Оптимизация-загрузки-.png]
[new.novardis.com/en/solution/enterprise-management-sap-plant-maintenance/index.html]
[new.novardis.com/en/solution/retail-process-management-sap-for-retail/index.html]
[new.novardis.com/wp-content/uploads/2022/04/Прогнозирование-и-планирование.png]
[new.novardis.com/wp-content/uploads/2022/04/Машинное-обучение.png]
[new.novardis.com/en/solution/retail-process-management-sap-car/index.html]
[new.novardis.com/en/solution/retail-process-management-sap-udf-fr/index.html]
[new.novardis.com/en/solution/retail-process-management-sap-attp/index.html]
[new.novardis.com/wp-content/uploads/2022/04/Недопущение-ошибок.png]
[new.novardis.com/en/solution/retail-process-management-sap-arp/index.html]
[new.novardis.com/wp-content/themes/novardis/assets/css/owl.video.play.html]
[new.novardis.com/en/projects/index9829.html]
[new.novardis.com/en/projects/indexdbf4.html]
[new.novardis.com/en/projects/index23f1.html]
[new.novardis.com/en/projects/index582b.html]
[new.novardis.com/en/projects/index396f.html]
[new.novardis.com/en/projects/indexe254.html]
[new.novardis.com/en/projects/index9859.html]
[new.novardis.com/en/projects/index1009.html]
[new.novardis.com/wp-content/uploads/2022/04/Svyaznoy_gal_1-1.png]
[new.novardis.com/wp-content/uploads/2022/04/Svyaznoy_gal_2-1.png]
[new.novardis.com/wp-content/uploads/2022/04/Svyaznoy_gal_3-1.png]
[new.novardis.com/wp-content/uploads/2022/04/Svyaznoy_gal_4-1.png]
[new.novardis.com/wp-content/uploads/2022/04/Svyaznoy_gal_5-1.png]
[new.novardis.com/en/project/svyaznoy/index.html]
[new.novardis.com/wp-content/uploads/2022/04/366_gal_1.png]
[new.novardis.com/wp-content/uploads/2022/04/366_gal_2.png]
[new.novardis.com/wp-content/uploads/2022/04/366_gal_3.png]
[new.novardis.com/wp-content/uploads/2022/04/366_gal_4.png]
[new.novardis.com/wp-content/uploads/2022/04/366_gal_5.png]
[new.novardis.com/en/project/366/index.html]
[new.novardis.com/wp-content/uploads/2022/04/Globus_gal_1.png]
[new.novardis.com/wp-content/uploads/2022/04/Globus_gal_2.png]
[new.novardis.com/wp-content/uploads/2022/04/Globus_gal_3.png]
[new.novardis.com/wp-content/uploads/2022/04/Globus_gal_4-1.png]
[new.novardis.com/wp-content/uploads/2022/04/Globus_gal_5-1.png]
[new.novardis.com/en/project/globus/index.html]
[new.novardis.com/wp-content/uploads/2022/05/Komus_gal_1.png]
[new.novardis.com/wp-content/uploads/2022/05/Komus_gal_2.png]
[new.novardis.com/wp-content/uploads/2022/05/Komus_gal_3.png]
[new.novardis.com/wp-content/uploads/2022/05/Komus_gal_4.png]
[new.novardis.com/wp-content/uploads/2022/05/Komus_gal_5.png]
[new.novardis.com/en/project/komus/index.html]
[new.novardis.com/en/projects/indexf05b.html]
[new.novardis.com/en/projects/index0426.html]
[new.novardis.com/en/projects/index84aa.html]
[new.novardis.com/en/feedback/indexae8a.html]
[new.novardis.com/en/project/lenta-3/index.html]
[new.novardis.com/wp-content/uploads/2022/04/Eldorado_Mvideo_gal_1.png]
[new.novardis.com/wp-content/uploads/2022/04/Eldorado_Mvideo_gal_2.png]
[new.novardis.com/wp-content/uploads/2022/04/Eldorado_Mvideo_gal_3.png]
[new.novardis.com/wp-content/uploads/2022/05/Eldorado_Mvideo_gal_4.png]
[new.novardis.com/wp-content/uploads/2022/05/Eldorado_Mvideo_gal_5.png]
[new.novardis.com/en/project/mvideo-eldorado-group/index.html]
[new.novardis.com/wp-content/uploads/2022/04/Megafon_gal_1.png]
[new.novardis.com/wp-content/uploads/2022/04/Megafon_gal_2-1.png]
[new.novardis.com/wp-content/uploads/2022/04/Megafon_gal_3.png]
[new.novardis.com/wp-content/uploads/2022/04/Megafon_gal_4.png]
[new.novardis.com/wp-content/uploads/2022/04/Megafon_gal_5.png]
[new.novardis.com/en/project/megafon/index.html]
[new.novardis.com/wp-content/uploads/2022/04/Posuda_gal_1.png]
[new.novardis.com/wp-content/uploads/2022/04/Posuda_gal_2.png]
[new.novardis.com/wp-content/uploads/2022/04/Posuda_gal_3.png]
[new.novardis.com/wp-content/uploads/2022/04/Posuda_gal_4.png]
[new.novardis.com/wp-content/uploads/2022/04/Posuda_gal_5.png]
[new.novardis.com/en/project/posuda-center/index.html]
[new.novardis.com/wp-content/uploads/2022/05/Prisma_gal_1.png]
[new.novardis.com/wp-content/uploads/2022/05/Prisma_gal_2.png]
[new.novardis.com/wp-content/uploads/2022/05/Prisma_gal_3.png]
[new.novardis.com/wp-content/uploads/2022/05/Prisma_gal_4.png]
[new.novardis.com/wp-content/uploads/2022/05/Prisma_gal_5.png]
[new.novardis.com/en/project/prisma/index.html]
[new.novardis.com/wp-content/uploads/2022/05/Ohapka_gal_1.png]
[new.novardis.com/wp-content/uploads/2022/05/Ohapka_gal_2.png]
[new.novardis.com/wp-content/uploads/2022/05/Ohapka_gal_3.png]
[new.novardis.com/wp-content/uploads/2022/05/Ohapka_gal_4.png]
[new.novardis.com/wp-content/uploads/2022/05/Ohapka_gal_5.png]
[new.novardis.com/en/project/okhapka/index.html]
[new.novardis.com/wp-content/uploads/2022/05/Spar_gal_1.png]
[new.novardis.com/wp-content/uploads/2022/05/Spar_gal_2.png]
[new.novardis.com/wp-content/uploads/2022/05/Spar_gal_3.png]
[new.novardis.com/wp-content/uploads/2022/05/Spar_gal_4.png]
[new.novardis.com/wp-content/uploads/2022/05/Spar_gal_5.png]
[new.novardis.com/en/project/spar-ural/index.html]
[new.novardis.com/wp-content/uploads/2022/05/Utkonos_gal_1.png]
[new.novardis.com/wp-content/uploads/2022/05/Utkonos_gal_2.png]
[new.novardis.com/wp-content/uploads/2022/05/Utkonos_gal_3.png]
[new.novardis.com/wp-content/uploads/2022/05/Utkonos_gal_4.png]
[new.novardis.com/wp-content/uploads/2022/05/Utkonos_gal_5.png]
[new.novardis.com/en/project/utkonos/index.html]
[new.novardis.com/wp-content/uploads/2022/05/Talosto_gal_1.png]
[new.novardis.com/wp-content/uploads/2022/05/Talosto_gal_2.png]
[new.novardis.com/wp-content/uploads/2022/05/Talosto_gal_3.png]
[new.novardis.com/wp-content/uploads/2022/05/Talosto_gal_4.png]
[new.novardis.com/wp-content/uploads/2022/05/Talosto_gal_5.png]
[new.novardis.com/en/project/talosto/index.html]
[new.novardis.com/wp-content/uploads/2022/05/Megapolis_gal_1.png]
[new.novardis.com/wp-content/uploads/2022/05/Megapolis_gal_2.png]
[new.novardis.com/wp-content/uploads/2022/05/Megapolis_gal_3.png]
[new.novardis.com/wp-content/uploads/2022/05/Megapolis_gal_4.png]
[new.novardis.com/wp-content/uploads/2022/05/Megapolis_gal_5.png]
[new.novardis.com/en/project/megapolis/index.html]
[new.novardis.com/wp-content/uploads/2022/05/Vostok_Zapad_gal_1.png]
[new.novardis.com/wp-content/uploads/2022/05/Vostok_Zapad_gal_2.png]
[new.novardis.com/wp-content/uploads/2022/05/Vostok_Zapad_gal_3.png]
[new.novardis.com/wp-content/uploads/2022/05/Vostok_Zapad_gal_4.png]
[new.novardis.com/wp-content/uploads/2022/05/Vostok_Zapad_gal_5.png]
[new.novardis.com/en/project/vostok-zapad/index.html]
[new.novardis.com/wp-content/uploads/2022/05/Pulkovo_gal_1.png]
[new.novardis.com/wp-content/uploads/2022/05/Pulkovo_gal_2.png]
[new.novardis.com/wp-content/uploads/2022/05/Pulkovo_gal_3.png]
[new.novardis.com/wp-content/uploads/2022/05/Pulkovo_gal_4.png]
[new.novardis.com/wp-content/uploads/2022/05/Pulkovo_gal_5.png]
[new.novardis.com/en/project/pulkovo/index.html]
[new.novardis.com/wp-content/uploads/2022/04/Damate_gal_1.png]
[new.novardis.com/wp-content/uploads/2022/04/Damate_gal_2.png]
[new.novardis.com/wp-content/uploads/2022/04/Damate_gal_3.png]
[new.novardis.com/wp-content/uploads/2022/04/Damate_gal_4.png]
[new.novardis.com/wp-content/uploads/2022/05/Damate_gal_5.png]
[new.novardis.com/en/project/damate/index.html]
[new.novardis.com/en/solution-2/index.html]
[new.novardis.com/en/projects/index0426.html]
